// Jest Snapshot v1, https://goo.gl/fbAQLP

exports[`<Tabs /> renders UI as expected 1`] = `
<div
  className="tabs"
>
  <button
    onClick={[Function]}
  >
    First tab
  </button>
  <button
    onClick={[Function]}
  >
    Second tab
  </button>
  <button
    onClick={[Function]}
  >
    Third tab
  </button>
</div>
`;
